// Jest Snapshot v1, https://goo.gl/fbAQLP

exports[`Companies Component matches the snapshot when loading is true 1`] = `
<DocumentFragment>
  <div
    class="spinner-container"
    data-testid="loading-spinner"
  >
    <div
      class="loading-spinner"
    />
     Loading
  </div>
</DocumentFragment>
`;
